[2026-08-29T11:48:05.630Z] GET http://localhost:5173/ → pending (?ms, ?B)
[2026-08-29T11:48:05.655Z] GET http://localhost:5173/@vite/client → 200 (17ms, 204098B)
[2026-08-29T11:48:05.655Z] GET https://fonts.googleapis.com/css2?family=Hanken+Grotesk:ital,wght@0,100..900;1,100..900&family=JetBrains+Mono:wght@100..800&display=swap → 200 (292ms, 5691B)
[2026-08-29T11:48:05.655Z] GET http://localhost:5173/src/main.tsx?t=1788004076928 → 200 (13ms, 1759B)
[2026-08-29T11:48:05.656Z] GET http://localhost:5173/@react-refresh → 200 (14ms, 111894B)
[2026-08-29T11:48:05.670Z] GET http://localhost:5173/node_modules/.vite/deps/react.js?v=f2626067 → 200 (3ms, 130087B)
[2026-08-29T11:48:05.670Z] GET http://localhost:5173/node_modules/.vite/deps/react-dom_client.js?v=26ac7876 → 200 (41ms, 2819683B)
[2026-08-29T11:48:05.670Z] GET http://localhost:5173/src/app/providers/index.tsx?t=1788004076928 → 200 (22ms, 4311B)
[2026-08-29T11:48:05.670Z] GET http://localhost:5173/src/index.css?t=1788004076928 → 200 (25ms, 66970B)
[2026-08-29T11:48:05.670Z] GET http://localhost:5173/node_modules/.vite/deps/react_jsx-dev-runtime.js?v=f2626067 → 200 (29ms, 34713B)
[2026-08-29T11:48:05.672Z] GET http://localhost:5173/node_modules/vite/dist/client/env.mjs → 200 (160ms, 3478B)
[2026-08-29T11:48:05.673Z] GET http://localhost:5173/node_modules/.vite/deps/rolldown-runtime-DC62tzP2.js?v=7a230318 → 200 (24ms, 7824B)
[2026-08-29T11:48:05.693Z] GET http://localhost:5173/node_modules/.vite/deps/@tanstack_react-query.js?v=d108ce7a → 200 (19ms, 355116B)
[2026-08-29T11:48:05.693Z] GET http://localhost:5173/node_modules/.vite/deps/react-router-dom.js?v=f7649339 → 200 (142ms, 1417484B)
[2026-08-29T11:48:05.693Z] GET http://localhost:5173/node_modules/.vite/deps/sonner.js?v=001df232 → 200 (12ms, 182049B)
[2026-08-29T11:48:05.693Z] GET http://localhost:5173/src/app/router/index.tsx?t=1788004076928 → 200 (14ms, 34320B)
[2026-08-29T11:48:05.705Z] GET http://localhost:5173/node_modules/.vite/deps/react-dom.js?v=f2626067 → 200 (128ms, 48830B)
[2026-08-29T11:48:05.707Z] GET http://localhost:5173/src/constants/routes.ts → 200 (126ms, 8620B)
[2026-08-29T11:48:05.707Z] GET http://localhost:5173/src/components/ui/spinner.tsx → 200 (126ms, 3441B)
[2026-08-29T11:48:05.708Z] GET http://localhost:5173/src/app/router/protected-route.tsx → 200 (125ms, 3585B)
[2026-08-29T11:48:05.708Z] GET http://localhost:5173/src/components/layout/app-shell.tsx?t=1788004076928 → 200 (127ms, 39104B)
[2026-08-29T11:48:05.708Z] GET http://localhost:5173/src/components/layout/site-shell.tsx?t=1788004076928 → 200 (127ms, 22223B)
[2026-08-29T11:48:05.712Z] GET http://localhost:5173/node_modules/.vite/deps/react_jsx-runtime.js?v=f2626067 → 200 (123ms, 35787B)
[2026-08-29T11:48:05.836Z] GET http://localhost:5173/src/store/auth.ts → 200 (3ms, 5738B)
[2026-08-29T11:48:05.836Z] GET http://localhost:5173/src/utils/cn.ts → 200 (5ms, 737B)
[2026-08-29T11:48:05.836Z] GET http://localhost:5173/node_modules/.vite/deps/lucide-react.js?v=0800514d → 200 (54ms, 4192246B)
[2026-08-29T11:48:05.836Z] GET http://localhost:5173/src/components/brand/logo.tsx → 200 (6ms, 5881B)
[2026-08-29T11:48:05.836Z] GET http://localhost:5173/src/features/site/hooks/use-site.ts?t=1788004076928 → 200 (7ms, 24871B)
[2026-08-29T11:48:05.837Z] GET http://localhost:5173/src/features/auth/services/auth.service.ts?t=1788004076928 → 200 (5ms, 2600B)
[2026-08-29T11:48:05.837Z] GET http://localhost:5173/src/components/ui/avatar.tsx?t=1788004076928 → 200 (5ms, 5787B)
[2026-08-29T11:48:05.837Z] GET http://localhost:5173/src/components/ui/back-button.tsx → 200 (5ms, 8472B)
[2026-08-29T11:48:05.840Z] GET http://localhost:5173/node_modules/.vite/deps/zustand.js?v=4286093b → 200 (3ms, 6027B)
[2026-08-29T11:48:05.840Z] GET http://localhost:5173/node_modules/.vite/deps/zustand_middleware.js?v=b671f987 → 200 (4ms, 48350B)
[2026-08-29T11:48:05.841Z] GET http://localhost:5173/src/utils/jwt.ts → 200 (2ms, 3234B)
[2026-08-29T11:48:05.841Z] GET http://localhost:5173/node_modules/.vite/deps/clsx.js?v=61ebd024 → 200 (3ms, 1992B)
[2026-08-29T11:48:05.842Z] GET http://localhost:5173/node_modules/.vite/deps/tailwind-merge.js?v=2b23c8e9 → 200 (3ms, 286826B)
[2026-08-29T11:48:05.842Z] GET http://localhost:5173/src/services/api.ts?t=1788004076928 → 200 (3ms, 12648B)
[2026-08-29T11:48:05.843Z] GET http://localhost:5173/src/features/site/services/site.service.ts?t=1788004076928 → 200 (2ms, 20881B)
[2026-08-29T11:48:05.846Z] GET http://localhost:5173/node_modules/.vite/deps/axios.js?v=85e7fe5a → 200 (?ms, 434913B)
[2026-08-29T11:48:06.033Z] GET http://localhost:5173/src/features/site/pages/public/home.tsx?t=1788004076928 → 200 (24ms, 19941B)
[2026-08-29T11:48:06.033Z] GET http://localhost:5173/logo-mark.png → 200 (23ms, 87035B)
[2026-08-29T11:48:06.056Z] GET https://fonts.gstatic.com/s/hankengrotesk/v12/ieVn2YZDLWuGJpnzaiwFXS9tYtpd59CxCis4.woff2 → 200 (222ms, 34664B)
[2026-08-29T11:48:06.073Z] GET http://localhost:5023/api/public → 200 (43ms, 2727B)
[2026-08-29T11:48:06.078Z] GET http://localhost:5173/src/features/site/hooks/use-document-title.ts → 200 (1ms, 3321B)
[2026-08-29T11:48:06.078Z] GET http://localhost:5173/src/features/site/components/site-hero.tsx?t=1788004076928 → 200 (2ms, 20474B)
[2026-08-29T11:48:06.078Z] GET http://localhost:5173/src/features/site/components/site-primitives.tsx?t=1788004076928 → 200 (2ms, 20523B)
[2026-08-29T11:48:06.078Z] GET http://localhost:5173/src/features/site/components/site-states.tsx → 200 (2ms, 6083B)
[2026-08-29T11:48:06.080Z] GET http://localhost:5173/src/components/ui/button.tsx → 200 (?ms, 8229B)
[2026-08-29T11:48:06.080Z] GET http://localhost:5173/node_modules/.vite/deps/class-variance-authority.js?v=4b24413a → 200 (?ms, 8901B)
[2026-08-29T11:48:06.126Z] GET http://localhost:5023/uploads/site/1a1008f2db6147d08df5a8884a74b4d1.png → 200 (3ms, 2790B)
[2026-08-29T11:48:06.345Z] GET http://localhost:5023/uploads/gallery/da64ee0d8a6c4628b33216c6c9f51b88.png → 200 (3ms, 2789B)
[2026-08-29T11:48:06.345Z] GET http://localhost:5023/uploads/gallery/203badf84d884870a04f3a03a204d89b.png → 200 (5ms, 2790B)
[2026-08-29T11:48:06.345Z] GET http://localhost:5023/uploads/gallery/3b60b64aa8c1423ebf47293763611b75.png → 200 (6ms, 2789B)
[2026-08-29T11:48:06.345Z] GET http://localhost:5023/uploads/gallery/0fe843c4afe24d5bba890792c390561c.png → 200 (5ms, 73B)
[2026-08-29T11:48:06.345Z] GET http://localhost:5023/uploads/gallery/c99cb9c5383d486fafa9fc6597e0d028.png → 200 (5ms, 2790B)
[2026-08-29T11:48:08.322Z] GET http://localhost:5173/plans → 200 (6ms, 1474B)
[2026-08-29T11:48:08.332Z] GET http://localhost:5173/@vite/client → 304 (5ms, ?B)
[2026-08-29T11:48:08.332Z] GET https://fonts.googleapis.com/css2?family=Hanken+Grotesk:ital,wght@0,100..900;1,100..900&family=JetBrains+Mono:wght@100..800&display=swap → 200 (?ms, 5691B)
[2026-08-29T11:48:08.332Z] GET http://localhost:5173/src/main.tsx?t=1788004076928 → 304 (5ms, ?B)
[2026-08-29T11:48:08.333Z] GET http://localhost:5173/@react-refresh → 304 (4ms, ?B)
[2026-08-29T11:48:08.336Z] GET https://fonts.gstatic.com/s/hankengrotesk/v12/ieVn2YZDLWuGJpnzaiwFXS9tYtpd59CxCis4.woff2 → 200 (?ms, ?B)
[2026-08-29T11:48:08.341Z] GET http://localhost:5173/node_modules/vite/dist/client/env.mjs → 304 (5ms, ?B)
[2026-08-29T11:48:08.342Z] GET http://localhost:5173/node_modules/.vite/deps/react.js?v=f2626067 → 200 (?ms, 130087B)
[2026-08-29T11:48:08.342Z] GET http://localhost:5173/node_modules/.vite/deps/react-dom_client.js?v=26ac7876 → 200 (?ms, 2819683B)
[2026-08-29T11:48:08.344Z] GET http://localhost:5173/src/app/providers/index.tsx?t=1788004076928 → 304 (3ms, ?B)
[2026-08-29T11:48:08.344Z] GET http://localhost:5173/src/index.css?t=1788004076928 → 304 (3ms, ?B)
[2026-08-29T11:48:08.344Z] GET http://localhost:5173/node_modules/.vite/deps/react_jsx-dev-runtime.js?v=f2626067 → 200 (?ms, 34713B)
[2026-08-29T11:48:08.344Z] GET http://localhost:5173/node_modules/.vite/deps/rolldown-runtime-DC62tzP2.js?v=7a230318 → 200 (1ms, 7824B)
[2026-08-29T11:48:08.345Z] GET http://localhost:5173/node_modules/.vite/deps/react-dom.js?v=f2626067 → 200 (?ms, 48830B)
[2026-08-29T11:48:08.347Z] GET http://localhost:5173/node_modules/.vite/deps/@tanstack_react-query.js?v=d108ce7a → 200 (?ms, 355116B)
[2026-08-29T11:48:08.347Z] GET http://localhost:5173/node_modules/.vite/deps/react-router-dom.js?v=f7649339 → 200 (?ms, 1417484B)
[2026-08-29T11:48:08.347Z] GET http://localhost:5173/node_modules/.vite/deps/sonner.js?v=001df232 → 200 (1ms, 182049B)
[2026-08-29T11:48:08.348Z] GET http://localhost:5173/src/app/router/index.tsx?t=1788004076928 → 304 (1ms, ?B)
[2026-08-29T11:48:08.348Z] GET http://localhost:5173/node_modules/.vite/deps/react_jsx-runtime.js?v=f2626067 → 200 (?ms, 35787B)
[2026-08-29T11:48:08.349Z] GET http://localhost:5173/src/constants/routes.ts → 304 (1ms, ?B)
[2026-08-29T11:48:08.349Z] GET http://localhost:5173/src/components/ui/spinner.tsx → 304 (1ms, ?B)
[2026-08-29T11:48:08.350Z] GET http://localhost:5173/src/app/router/protected-route.tsx → 304 (1ms, ?B)
[2026-08-29T11:48:08.350Z] GET http://localhost:5173/src/components/layout/app-shell.tsx?t=1788004076928 → 304 (1ms, ?B)
[2026-08-29T11:48:08.350Z] GET http://localhost:5173/src/components/layout/site-shell.tsx?t=1788004076928 → 304 (1ms, ?B)
[2026-08-29T11:48:08.350Z] GET http://localhost:5173/src/utils/cn.ts → 304 (2ms, ?B)
[2026-08-29T11:48:08.351Z] GET http://localhost:5173/src/store/auth.ts → 304 (1ms, ?B)
[2026-08-29T11:48:08.351Z] GET http://localhost:5173/node_modules/.vite/deps/lucide-react.js?v=0800514d → 200 (?ms, 4192246B)
[2026-08-29T11:48:08.351Z] GET http://localhost:5173/src/features/auth/services/auth.service.ts?t=1788004076928 → 304 (2ms, ?B)
[2026-08-29T11:48:08.351Z] GET http://localhost:5173/src/components/ui/avatar.tsx?t=1788004076928 → 304 (2ms, ?B)
[2026-08-29T11:48:08.351Z] GET http://localhost:5173/src/components/ui/back-button.tsx → 304 (2ms, ?B)
[2026-08-29T11:48:08.351Z] GET http://localhost:5173/src/components/brand/logo.tsx → 304 (3ms, ?B)
[2026-08-29T11:48:08.352Z] GET http://localhost:5173/src/features/site/hooks/use-site.ts?t=1788004076928 → 304 (2ms, ?B)
[2026-08-29T11:48:08.352Z] GET http://localhost:5173/node_modules/.vite/deps/zustand.js?v=4286093b → 200 (?ms, 6027B)
[2026-08-29T11:48:08.352Z] GET http://localhost:5173/node_modules/.vite/deps/zustand_middleware.js?v=b671f987 → 200 (?ms, 48350B)
[2026-08-29T11:48:08.352Z] GET http://localhost:5173/src/utils/jwt.ts → 304 (2ms, ?B)
[2026-08-29T11:48:08.352Z] GET http://localhost:5173/node_modules/.vite/deps/clsx.js?v=61ebd024 → 200 (?ms, 1992B)
[2026-08-29T11:48:08.352Z] GET http://localhost:5173/node_modules/.vite/deps/tailwind-merge.js?v=2b23c8e9 → 200 (?ms, 286826B)
[2026-08-29T11:48:08.353Z] GET http://localhost:5173/src/services/api.ts?t=1788004076928 → 304 (1ms, ?B)
[2026-08-29T11:48:08.354Z] GET http://localhost:5173/src/features/site/services/site.service.ts?t=1788004076928 → 304 (?ms, ?B)
[2026-08-29T11:48:08.354Z] GET http://localhost:5173/node_modules/.vite/deps/axios.js?v=85e7fe5a → 200 (?ms, 434913B)
[2026-08-29T11:48:08.523Z] GET http://localhost:5173/logo-mark.png → 304 (?ms, ?B)
[2026-08-29T11:48:08.523Z] GET http://localhost:5173/src/features/site/pages/public/plans.tsx → 200 (1ms, 13494B)
[2026-08-29T11:48:08.523Z] GET http://localhost:5023/api/public → 200 (1ms, 2727B)
[2026-08-29T11:48:08.525Z] GET http://localhost:5173/src/features/site/hooks/use-document-title.ts → 304 (2ms, ?B)
[2026-08-29T11:48:08.526Z] GET http://localhost:5173/src/features/site/components/site-primitives.tsx?t=1788004076928 → 304 (1ms, ?B)
[2026-08-29T11:48:08.526Z] GET http://localhost:5173/src/features/site/components/site-cards.tsx → 200 (7ms, 28209B)
[2026-08-29T11:48:08.526Z] GET http://localhost:5173/src/features/site/components/site-states.tsx → 304 (1ms, ?B)
[2026-08-29T11:48:08.528Z] GET http://localhost:5173/src/components/ui/button.tsx → 304 (?ms, ?B)
[2026-08-29T11:48:08.528Z] GET http://localhost:5173/node_modules/.vite/deps/class-variance-authority.js?v=4b24413a → 200 (?ms, 8901B)
[2026-08-29T11:48:08.533Z] GET http://localhost:5173/src/utils/currency.ts → 200 (?ms, 6670B)
[2026-08-29T11:48:08.533Z] GET http://localhost:5173/src/features/site/types/site.ts → 200 (?ms, 12388B)
[2026-08-29T11:48:08.818Z] GET https://fonts.gstatic.com/s/hankengrotesk/v12/ieVn2YZDLWuGJpnzaiwFXS9tYtpT59CxCis4UvI.woff2 → 200 (69ms, 19572B)
[2026-08-29T11:48:10.589Z] GET http://localhost:5173/contact → 200 (2ms, 1474B)
[2026-08-29T11:48:10.596Z] GET http://localhost:5173/@vite/client → 304 (4ms, ?B)
[2026-08-29T11:48:10.596Z] GET https://fonts.googleapis.com/css2?family=Hanken+Grotesk:ital,wght@0,100..900;1,100..900&family=JetBrains+Mono:wght@100..800&display=swap → 200 (?ms, 5691B)
[2026-08-29T11:48:10.600Z] GET http://localhost:5173/src/main.tsx?t=1788004076928 → 304 (2ms, ?B)
[2026-08-29T11:48:10.600Z] GET http://localhost:5173/@react-refresh → 304 (5ms, ?B)
[2026-08-29T11:48:10.600Z] GET http://localhost:5173/node_modules/vite/dist/client/env.mjs → 304 (5ms, ?B)
[2026-08-29T11:48:10.602Z] GET http://localhost:5173/node_modules/.vite/deps/react.js?v=f2626067 → 200 (?ms, 130087B)
[2026-08-29T11:48:10.603Z] GET http://localhost:5173/node_modules/.vite/deps/react-dom_client.js?v=26ac7876 → 200 (?ms, ?B)
[2026-08-29T11:48:10.603Z] GET http://localhost:5173/src/app/providers/index.tsx?t=1788004076928 → 304 (3ms, ?B)
[2026-08-29T11:48:10.603Z] GET http://localhost:5173/src/index.css?t=1788004076928 → 304 (3ms, ?B)
[2026-08-29T11:48:10.603Z] GET http://localhost:5173/node_modules/.vite/deps/react_jsx-dev-runtime.js?v=f2626067 → 200 (?ms, ?B)
[2026-08-29T11:48:10.605Z] GET http://localhost:5173/node_modules/.vite/deps/rolldown-runtime-DC62tzP2.js?v=7a230318 → 200 (?ms, ?B)
[2026-08-29T11:48:10.605Z] GET http://localhost:5173/node_modules/.vite/deps/react-dom.js?v=f2626067 → 200 (?ms, ?B)
[2026-08-29T11:48:10.606Z] GET http://localhost:5173/node_modules/.vite/deps/@tanstack_react-query.js?v=d108ce7a → 200 (?ms, ?B)
[2026-08-29T11:48:10.607Z] GET http://localhost:5173/node_modules/.vite/deps/react-router-dom.js?v=f7649339 → 200 (?ms, ?B)
[2026-08-29T11:48:10.607Z] GET http://localhost:5173/node_modules/.vite/deps/sonner.js?v=001df232 → 200 (?ms, ?B)
[2026-08-29T11:48:10.607Z] GET http://localhost:5173/src/app/router/index.tsx?t=1788004076928 → 304 (?ms, ?B)
[2026-08-29T11:48:10.607Z] GET http://localhost:5173/node_modules/.vite/deps/react_jsx-runtime.js?v=f2626067 → 200 (?ms, ?B)
[2026-08-29T11:48:10.608Z] GET http://localhost:5173/src/constants/routes.ts → 304 (?ms, ?B)
[2026-08-29T11:48:10.608Z] GET http://localhost:5173/src/components/ui/spinner.tsx → 304 (?ms, ?B)
[2026-08-29T11:48:10.608Z] GET http://localhost:5173/src/app/router/protected-route.tsx → 304 (1ms, ?B)
[2026-08-29T11:48:10.608Z] GET http://localhost:5173/src/components/layout/app-shell.tsx?t=1788004076928 → 304 (1ms, ?B)
[2026-08-29T11:48:10.608Z] GET http://localhost:5173/src/components/layout/site-shell.tsx?t=1788004076928 → 304 (1ms, ?B)
[2026-08-29T11:48:10.609Z] GET http://localhost:5173/src/utils/cn.ts → 304 (1ms, ?B)
[2026-08-29T11:48:10.609Z] GET http://localhost:5173/src/store/auth.ts → 304 (1ms, ?B)
[2026-08-29T11:48:10.609Z] GET https://fonts.gstatic.com/s/hankengrotesk/v12/ieVn2YZDLWuGJpnzaiwFXS9tYtpT59CxCis4UvI.woff2 → 200 (?ms, ?B)
[2026-08-29T11:48:10.609Z] GET https://fonts.gstatic.com/s/hankengrotesk/v12/ieVn2YZDLWuGJpnzaiwFXS9tYtpd59CxCis4.woff2 → 200 (?ms, ?B)
[2026-08-29T11:48:10.609Z] GET http://localhost:5173/node_modules/.vite/deps/lucide-react.js?v=0800514d → 200 (1ms, ?B)
[2026-08-29T11:48:10.610Z] GET http://localhost:5173/src/features/auth/services/auth.service.ts?t=1788004076928 → 304 (1ms, ?B)
[2026-08-29T11:48:10.610Z] GET http://localhost:5173/src/components/ui/avatar.tsx?t=1788004076928 → 304 (1ms, ?B)
[2026-08-29T11:48:10.610Z] GET http://localhost:5173/src/components/ui/back-button.tsx → 304 (2ms, ?B)
[2026-08-29T11:48:10.610Z] GET http://localhost:5173/src/components/brand/logo.tsx → 304 (2ms, ?B)
[2026-08-29T11:48:10.610Z] GET http://localhost:5173/src/features/site/hooks/use-site.ts?t=1788004076928 → 304 (2ms, ?B)
[2026-08-29T11:48:10.610Z] GET http://localhost:5173/node_modules/.vite/deps/zustand.js?v=4286093b → 200 (?ms, ?B)
[2026-08-29T11:48:10.610Z] GET http://localhost:5173/node_modules/.vite/deps/zustand_middleware.js?v=b671f987 → 200 (?ms, ?B)
[2026-08-29T11:48:10.610Z] GET http://localhost:5173/src/utils/jwt.ts → 304 (2ms, ?B)
[2026-08-29T11:48:10.610Z] GET http://localhost:5173/node_modules/.vite/deps/clsx.js?v=61ebd024 → 200 (?ms, ?B)
[2026-08-29T11:48:10.610Z] GET http://localhost:5173/node_modules/.vite/deps/tailwind-merge.js?v=2b23c8e9 → 200 (1ms, ?B)
[2026-08-29T11:48:10.611Z] GET http://localhost:5173/src/services/api.ts?t=1788004076928 → 304 (1ms, ?B)
[2026-08-29T11:48:10.612Z] GET http://localhost:5173/src/features/site/services/site.service.ts?t=1788004076928 → 304 (1ms, ?B)
[2026-08-29T11:48:10.612Z] GET http://localhost:5173/node_modules/.vite/deps/axios.js?v=85e7fe5a → 200 (?ms, ?B)
[2026-08-29T11:48:10.762Z] GET http://localhost:5173/logo-mark.png → 304 (?ms, ?B)
[2026-08-29T11:48:10.762Z] GET http://localhost:5173/src/features/site/pages/public/contact.tsx → 200 (1ms, 16340B)
[2026-08-29T11:48:10.762Z] GET http://localhost:5023/api/public → 200 (1ms, 2727B)
[2026-08-29T11:48:10.763Z] GET http://localhost:5173/src/features/site/hooks/use-document-title.ts → 304 (2ms, ?B)
[2026-08-29T11:48:10.763Z] GET http://localhost:5173/src/features/site/components/site-primitives.tsx?t=1788004076928 → 304 (2ms, ?B)
[2026-08-29T11:48:10.763Z] GET http://localhost:5173/src/features/site/components/site-states.tsx → 304 (2ms, ?B)
[2026-08-29T11:48:10.766Z] GET http://localhost:5173/src/components/ui/button.tsx → 304 (?ms, ?B)
[2026-08-29T11:48:10.766Z] GET http://localhost:5173/node_modules/.vite/deps/class-variance-authority.js?v=4b24413a → 200 (?ms, 8901B)
[2026-08-29T11:48:58.887Z] GET http://localhost:5173/src/index.css?t=1788004138761 → 200 (55ms, 67169B)
[2026-08-29T11:48:58.978Z] GET http://localhost:5173/src/index.css?t=1788004138771 → 200 (89ms, 67169B)
[2026-08-29T11:48:59.068Z] GET http://localhost:5173/src/index.css?t=1788004138774 → 200 (1ms, 67169B)
[2026-08-29T11:52:38.002Z] GET blob:http://localhost:5173/5cc08dd1-c604-45fd-8d77-00d3c0b3a60b → pending (?ms, ?B)
[2026-08-29T11:59:44.776Z] GET http://localhost:5173/contact → 200 (1ms, 1458B)
[2026-08-29T11:59:44.801Z] GET http://localhost:5173/@vite/client → 200 (12ms, 204018B)
[2026-08-29T11:59:44.801Z] GET https://fonts.googleapis.com/css2?family=Hanken+Grotesk:ital,wght@0,100..900;1,100..900&family=JetBrains+Mono:wght@100..800&display=swap → 200 (?ms, 5691B)
[2026-08-29T11:59:44.802Z] GET http://localhost:5173/src/main.tsx → 200 (1ms, 1727B)
[2026-08-29T11:59:44.803Z] GET http://localhost:5173/@react-refresh → 200 (14ms, 111894B)
[2026-08-29T11:59:44.804Z] GET http://localhost:5173/node_modules/.vite/deps/react.js?v=fba19d49 → 200 (13ms, 130087B)
[2026-08-29T11:59:44.804Z] GET http://localhost:5173/node_modules/.vite/deps/react-dom_client.js?v=d529d2ca → 200 (51ms, 2819683B)
[2026-08-29T11:59:44.804Z] GET http://localhost:5173/src/app/providers/index.tsx → 200 (37ms, 4279B)
[2026-08-29T11:59:44.804Z] GET http://localhost:5173/src/index.css → 200 (38ms, 67025B)
[2026-08-29T11:59:44.804Z] GET http://localhost:5173/node_modules/.vite/deps/react_jsx-dev-runtime.js?v=fba19d49 → 200 (13ms, 34713B)
[2026-08-29T11:59:44.807Z] GET https://fonts.gstatic.com/s/hankengrotesk/v12/ieVn2YZDLWuGJpnzaiwFXS9tYtpT59CxCis4UvI.woff2 → 200 (?ms, ?B)
[2026-08-29T11:59:44.807Z] GET https://fonts.gstatic.com/s/hankengrotesk/v12/ieVn2YZDLWuGJpnzaiwFXS9tYtpd59CxCis4.woff2 → 200 (5ms, ?B)
[2026-08-29T11:59:44.813Z] GET http://localhost:5173/node_modules/vite/dist/client/env.mjs → 200 (26ms, 3478B)
[2026-08-29T11:59:44.818Z] GET http://localhost:5173/node_modules/.vite/deps/rolldown-runtime-DC62tzP2.js?v=24924900 → 200 (21ms, 7824B)
[2026-08-29T11:59:44.841Z] GET http://localhost:5173/node_modules/.vite/deps/@tanstack_react-query.js?v=a1444791 → 200 (6ms, 355116B)
[2026-08-29T11:59:44.841Z] GET http://localhost:5173/node_modules/.vite/deps/react-router-dom.js?v=e3744e32 → 200 (131ms, 1417484B)
[2026-08-29T11:59:44.842Z] GET http://localhost:5173/node_modules/.vite/deps/sonner.js?v=e3fe6b85 → 200 (129ms, 182049B)
[2026-08-29T11:59:44.842Z] GET http://localhost:5173/src/app/router/index.tsx → 200 (129ms, 34256B)
[2026-08-29T11:59:44.847Z] GET http://localhost:5173/node_modules/.vite/deps/react_jsx-runtime.js?v=fba19d49 → 200 (124ms, 35787B)
[2026-08-29T11:59:44.855Z] GET http://localhost:5173/node_modules/.vite/deps/react-dom.js?v=fba19d49 → 200 (116ms, 48830B)
[2026-08-29T11:59:44.972Z] GET http://localhost:5173/src/constants/routes.ts → 200 (1ms, 8620B)
[2026-08-29T11:59:44.972Z] GET http://localhost:5173/src/components/ui/spinner.tsx → 200 (1ms, 3441B)
[2026-08-29T11:59:44.972Z] GET http://localhost:5173/src/app/router/protected-route.tsx → 200 (1ms, 3585B)
[2026-08-29T11:59:44.972Z] GET http://localhost:5173/src/components/layout/app-shell.tsx → 200 (7ms, 39056B)
[2026-08-29T11:59:44.972Z] GET http://localhost:5173/src/components/layout/site-shell.tsx → 200 (2ms, 22191B)
[2026-08-29T11:59:44.974Z] GET http://localhost:5173/src/utils/cn.ts → 200 (14ms, 737B)
[2026-08-29T11:59:44.974Z] GET http://localhost:5173/src/store/auth.ts → 200 (62ms, 5738B)
[2026-08-29T11:59:44.975Z] GET http://localhost:5173/node_modules/.vite/deps/lucide-react.js?v=73157542 → 200 (65ms, 4192246B)
[2026-08-29T11:59:44.975Z] GET http://localhost:5173/src/components/brand/logo.tsx → 200 (62ms, 5881B)
[2026-08-29T11:59:44.975Z] GET http://localhost:5173/src/features/site/hooks/use-site.ts → 200 (62ms, 24855B)
[2026-08-29T11:59:44.979Z] GET http://localhost:5173/src/features/auth/services/auth.service.ts → 200 (57ms, 2584B)
[2026-08-29T11:59:44.979Z] GET http://localhost:5173/src/components/ui/avatar.tsx → 200 (58ms, 5755B)
[2026-08-29T11:59:44.980Z] GET http://localhost:5173/src/components/ui/back-button.tsx → 200 (59ms, 8472B)
[2026-08-29T11:59:44.990Z] GET http://localhost:5173/node_modules/.vite/deps/clsx.js?v=578bc1af → 200 (50ms, 1992B)
[2026-08-29T11:59:44.990Z] GET http://localhost:5173/node_modules/.vite/deps/tailwind-merge.js?v=cf898542 → 200 (49ms, 286826B)
[2026-08-29T11:59:45.040Z] GET http://localhost:5173/node_modules/.vite/deps/zustand.js?v=5153128b → 200 (1ms, 6027B)
[2026-08-29T11:59:45.040Z] GET http://localhost:5173/node_modules/.vite/deps/zustand_middleware.js?v=03c7fd28 → 200 (1ms, 48350B)
[2026-08-29T11:59:45.040Z] GET http://localhost:5173/src/utils/jwt.ts → 200 (?ms, 3234B)
[2026-08-29T11:59:45.040Z] GET http://localhost:5173/src/services/api.ts → 200 (1ms, 12632B)
[2026-08-29T11:59:45.040Z] GET http://localhost:5173/src/features/site/services/site.service.ts → 200 (1ms, 20865B)
[2026-08-29T11:59:45.041Z] GET http://localhost:5173/node_modules/.vite/deps/axios.js?v=6e0edeee → 200 (2ms, 434913B)
[2026-08-29T11:59:45.151Z] GET http://localhost:5173/logo-mark.png → 304 (1ms, ?B)
[2026-08-29T11:59:45.152Z] GET http://localhost:5173/src/features/site/pages/public/contact.tsx → 200 (6ms, 16308B)
[2026-08-29T11:59:45.157Z] GET http://localhost:5023/api/public → 200 (59ms, ?B)
[2026-08-29T11:59:45.159Z] GET http://localhost:5173/src/features/site/hooks/use-document-title.ts → 200 (2ms, 3321B)
[2026-08-29T11:59:45.159Z] GET http://localhost:5173/src/features/site/components/site-primitives.tsx → 200 (1ms, 20491B)
[2026-08-29T11:59:45.159Z] GET http://localhost:5173/src/features/site/components/site-states.tsx → 200 (2ms, 6083B)
[2026-08-29T11:59:45.161Z] GET http://localhost:5173/src/components/ui/button.tsx → 200 (2ms, 8229B)
[2026-08-29T11:59:45.164Z] GET http://localhost:5173/node_modules/.vite/deps/class-variance-authority.js?v=53f31f80 → 200 (1ms, 8901B)
